error: this expression creates a reference which is immediately dereferenced by the compiler
  --> tests/ui/needless_borrow.rs:17:15
   |
LL |     let _ = x(&&a); // warn
   |               ^^^ help: change this to: `&a`
   |
   = note: `-D clippy::needless-borrow` implied by `-D warnings`
   = help: to override `-D warnings` add `#[allow(clippy::needless_borrow)]`

error: this expression creates a reference which is immediately dereferenced by the compiler
  --> tests/ui/needless_borrow.rs:23:13
   |
LL |     mut_ref(&mut &mut b); // warn
   |             ^^^^^^^^^^^ help: change this to: `&mut b`

error: this expression creates a reference which is immediately dereferenced by the compiler
  --> tests/ui/needless_borrow.rs:37:13
   |
LL |             &&a
   |             ^^^ help: change this to: `&a`

error: this expression creates a reference which is immediately dereferenced by the compiler
  --> tests/ui/needless_borrow.rs:40:15
   |
LL |         46 => &&a,
   |               ^^^ help: change this to: `&a`

error: this expression creates a reference which is immediately dereferenced by the compiler
  --> tests/ui/needless_borrow.rs:47:27
   |
LL |                     break &ref_a;
   |                           ^^^^^^ help: change this to: `ref_a`

error: this expression creates a reference which is immediately dereferenced by the compiler
  --> tests/ui/needless_borrow.rs:55:15
   |
LL |     let _ = x(&&&a);
   |               ^^^^ help: change this to: `&a`

error: this expression creates a reference which is immediately dereferenced by the compiler
  --> tests/ui/needless_borrow.rs:57:15
   |
LL |     let _ = x(&mut &&a);
   |               ^^^^^^^^ help: change this to: `&a`

error: this expression creates a reference which is immediately dereferenced by the compiler
  --> tests/ui/needless_borrow.rs:59:15
   |
LL |     let _ = x(&&&mut b);
   |               ^^^^^^^^ help: change this to: `&mut b`

error: this expression creates a reference which is immediately dereferenced by the compiler
  --> tests/ui/needless_borrow.rs:61:15
   |
LL |     let _ = x(&&ref_a);
   |               ^^^^^^^ help: change this to: `ref_a`

error: this expression creates a reference which is immediately dereferenced by the compiler
  --> tests/ui/needless_borrow.rs:65:11
   |
LL |         x(&b);
   |           ^^ help: change this to: `b`

error: this expression creates a reference which is immediately dereferenced by the compiler
  --> tests/ui/needless_borrow.rs:73:13
   |
LL |     mut_ref(&mut x);
   |             ^^^^^^ help: change this to: `x`

error: this expression creates a reference which is immediately dereferenced by the compiler
  --> tests/ui/needless_borrow.rs:75:13
   |
LL |     mut_ref(&mut &mut x);
   |             ^^^^^^^^^^^ help: change this to: `x`

error: this expression creates a reference which is immediately dereferenced by the compiler
  --> tests/ui/needless_borrow.rs:77:23
   |
LL |     let y: &mut i32 = &mut x;
   |                       ^^^^^^ help: change this to: `x`

error: this expression creates a reference which is immediately dereferenced by the compiler
  --> tests/ui/needless_borrow.rs:79:23
   |
LL |     let y: &mut i32 = &mut &mut x;
   |                       ^^^^^^^^^^^ help: change this to: `x`

error: this expression creates a reference which is immediately dereferenced by the compiler
  --> tests/ui/needless_borrow.rs:89:14
   |
LL |         0 => &mut x,
   |              ^^^^^^ help: change this to: `x`

error: this expression creates a reference which is immediately dereferenced by the compiler
  --> tests/ui/needless_borrow.rs:96:14
   |
LL |         0 => &mut x,
   |              ^^^^^^ help: change this to: `x`

error: this expression borrows a value the compiler would automatically borrow
  --> tests/ui/needless_borrow.rs:109:13
   |
LL |     let _ = (&x).0;
   |             ^^^^ help: change this to: `x`

error: this expression borrows a value the compiler would automatically borrow
  --> tests/ui/needless_borrow.rs:112:22
   |
LL |     let _ = unsafe { (&*x).0 };
   |                      ^^^^^ help: change this to: `(*x)`

error: this expression creates a reference which is immediately dereferenced by the compiler
  --> tests/ui/needless_borrow.rs:123:5
   |
LL |     (&&()).foo();
   |     ^^^^^^ help: change this to: `(&())`

error: this expression creates a reference which is immediately dereferenced by the compiler
  --> tests/ui/needless_borrow.rs:133:5
   |
LL |     (&&5).foo();
   |     ^^^^^ help: change this to: `(&5)`

error: this expression creates a reference which is immediately dereferenced by the compiler
  --> tests/ui/needless_borrow.rs:160:23
   |
LL |     let x: (&str,) = (&"",);
   |                       ^^^ help: change this to: `""`

error: this expression borrows a value the compiler would automatically borrow
  --> tests/ui/needless_borrow.rs:203:13
   |
LL |             (&self.f)()
   |             ^^^^^^^^^ help: change this to: `(self.f)`

error: this expression borrows a value the compiler would automatically borrow
  --> tests/ui/needless_borrow.rs:213:13
   |
LL |             (&mut self.f)()
   |             ^^^^^^^^^^^^^ help: change this to: `(self.f)`

error: this expression borrows a value the compiler would automatically borrow
  --> tests/ui/needless_borrow.rs:251:22
   |
LL |         let _ = &mut (&mut { x.u }).x;
   |                      ^^^^^^^^^^^^^^ help: change this to: `{ x.u }`

error: this expression borrows a value the compiler would automatically borrow
  --> tests/ui/needless_borrow.rs:259:22
   |
LL |         let _ = &mut (&mut { x.u }).x;
   |                      ^^^^^^^^^^^^^^ help: change this to: `{ x.u }`

error: this expression borrows a value the compiler would automatically borrow
  --> tests/ui/needless_borrow.rs:264:22
   |
LL |         let _ = &mut (&mut x.u).x;
   |                      ^^^^^^^^^^ help: change this to: `x.u`

error: this expression borrows a value the compiler would automatically borrow
  --> tests/ui/needless_borrow.rs:266:22
   |
LL |         let _ = &mut (&mut { x.u }).x;
   |                      ^^^^^^^^^^^^^^ help: change this to: `{ x.u }`

error: this expression creates a reference which is immediately dereferenced by the compiler
  --> tests/ui/needless_borrow.rs:288:23
   |
LL |     option.unwrap_or((&x.0,));
   |                       ^^^^ help: change this to: `x.0`

error: aborting due to 28 previous errors

